{
    "human - bam - generate_pon": {
        "content": [
            "c3b555d00c575478b65626f56e3085c4",
            [
                "test.vcf.gz.tbi"
            ],
            [
                [
                    {
                        "id": "test"
                    },
                    "test.vcf.gz.stats:md5,b569ce66bbffe9588b3d221e821023ee"
                ]
            ],
            [
                
            ],
            [
                "versions.yml:md5,bbf6869d6ef6dbd05a2a538d70e0fd3d"
            ]
        ],
        "meta": {
            "nf-test": "0.9.2",
            "nextflow": "25.04.7"
        },
        "timestamp": "2025-09-14T17:03:47.925701"
    },
    "human - bam - tumor_only - force_call": {
        "content": [
            "93b22af80151fa3828e79bd522f9379",
            [
                "test.vcf.gz.tbi"
            ],
            [
                [
                    {
                        "id": "test"
                    },
                    "test.vcf.gz.stats:md5,2398263886ecb546c8055af4fbad6040"
                ]
            ],
            [
                
            ],
            [
                "versions.yml:md5,bbf6869d6ef6dbd05a2a538d70e0fd3d"
            ]
        ],
        "meta": {
            "nf-test": "0.9.2",
            "nextflow": "25.04.7"
        },
        "timestamp": "2025-09-15T10:16:14.477947"
    },
    "human - bam - tumor_normal_pair": {
        "content": [
            "7418ed45a029394253817a5eb7149334",
            [
                "test.vcf.gz.tbi"
            ],
            [
                [
                    {
                        "id": "test",
                        "normal_id": "normal",
                        "tumor_id": "tumour"
                    },
                    "test.vcf.gz.stats:md5,17d2091015d04cbd4a26b7a67dc659e6"
                ]
            ],
            [
                
            ],
            [
                "versions.yml:md5,bbf6869d6ef6dbd05a2a538d70e0fd3d"
            ]
        ],
        "meta": {
            "nf-test": "0.9.2",
            "nextflow": "25.04.7"
        },
        "timestamp": "2025-09-15T15:55:21.503756396"
    },
    "human - cram": {
        "content": [
            "6a839307b251fbeb1a4b08e3b3692513",
            [
                "test.vcf.gz.tbi"
            ],
            [
                [
                    {
                        "id": "test"
                    },
                    "test.vcf.gz.stats:md5,55ed641e16089afb33cdbc478e202d3d"
                ]
            ],
            [
                
            ],
            [
                "versions.yml:md5,bbf6869d6ef6dbd05a2a538d70e0fd3d"
            ]
        ],
        "meta": {
            "nf-test": "0.9.2",
            "nextflow": "25.04.7"
        },
        "timestamp": "2025-09-15T16:07:25.304073026"
    },
    "mitochondria - bam": {
        "content": [
            "ea70f79e33805a2c0b47b32a48a8d26f",
            [
                "test.vcf.gz.tbi"
            ],
            [
                [
                    {
                        "id": "test"
                    },
                    "test.vcf.gz.stats:md5,fc6ea14ca2da346babe78161beea28c9"
                ]
            ],
            [
                
            ],
            [
                "versions.yml:md5,bbf6869d6ef6dbd05a2a538d70e0fd3d"
            ]
        ],
        "meta": {
            "nf-test": "0.9.2",
            "nextflow": "25.04.7"
        },
        "timestamp": "2025-09-15T16:11:15.766017614"
    },
    "human - bam - tumor_only": {
        "content": [
            "6a839307b251fbeb1a4b08e3b3692513",
            [
                "test.vcf.gz.tbi"
            ],
            [
                [
                    {
                        "id": "test"
                    },
                    "test.vcf.gz.stats:md5,55ed641e16089afb33cdbc478e202d3d"
                ]
            ],
            [
                
            ],
            [
                "versions.yml:md5,bbf6869d6ef6dbd05a2a538d70e0fd3d"
            ]
        ],
        "meta": {
            "nf-test": "0.9.2",
            "nextflow": "25.04.7"
        },
        "timestamp": "2025-09-14T16:46:30.35196"
    },
    "mitochondria - bam - gz_ref": {
        "content": [
            "ea70f79e33805a2c0b47b32a48a8d26f",
            [
                "test.vcf.gz.tbi"
            ],
            [
                [
                    {
                        "id": "test"
                    },
                    "test.vcf.gz.stats:md5,fc6ea14ca2da346babe78161beea28c9"
                ]
            ],
            [
                
            ],
            [
                "versions.yml:md5,bbf6869d6ef6dbd05a2a538d70e0fd3d"
            ]
        ],
        "meta": {
            "nf-test": "0.9.2",
            "nextflow": "25.04.7"
        },
        "timestamp": "2025-09-18T21:58:13.575194"
    },
    "human - bam - tumor_normal_pair - force_call": {
        "content": [
            "8f343e641476d582afd1efca801e30fe",
            [
                "test.vcf.gz.tbi"
            ],
            [
                [
                    {
                        "id": "test",
                        "normal_id": "normal",
                        "tumor_id": "tumour"
                    },
                    "test.vcf.gz.stats:md5,81390058f99b80db30c89020aa9fc546"
                ]
            ],
            [
                
            ],
            [
                "versions.yml:md5,bbf6869d6ef6dbd05a2a538d70e0fd3d"
            ]
        ],
        "meta": {
            "nf-test": "0.9.2",
            "nextflow": "25.04.7"
        },
        "timestamp": "2025-09-14T23:49:18.290784"
    },
    "human - bam - tumor_normal_pair_f1r2 - stub": {
        "content": [
            {
                "0": [
                    [
                        {
                            "id": "test",
                            "normal_id": "normal",
                            "tumor_id": "tumour"
                        },
                        "test.vcf.gz:md5,68b329da9893e34099c7d8ad5cb9c940"
                    ]
                ],
                "1": [
                    [
                        {
                            "id": "test",
                            "normal_id": "normal",
                            "tumor_id": "tumour"
                        },
                        "test.vcf.gz.tbi:md5,d41d8cd98f00b204e9800998ecf8427e"
                    ]
                ],
                "2": [
                    [
                        {
                            "id": "test",
                            "normal_id": "normal",
                            "tumor_id": "tumour"
                        },
                        "test.vcf.gz.stats:md5,d41d8cd98f00b204e9800998ecf8427e"
                    ]
                ],
                "3": [
                    [
                        {
                            "id": "test",
                            "normal_id": "normal",
                            "tumor_id": "tumour"
                        },
                        "test.f1r2.tar.gz:md5,68b329da9893e34099c7d8ad5cb9c940"
                    ]
                ],
                "4": [
                    "versions.yml:md5,bbf6869d6ef6dbd05a2a538d70e0fd3d"
                ],
                "f1r2": [
                    [
                        {
                            "id": "test",
                            "normal_id": "normal",
                            "tumor_id": "tumour"
                        },
                        "test.f1r2.tar.gz:md5,68b329da9893e34099c7d8ad5cb9c940"
                    ]
                ],
                "stats": [
                    [
                        {
                            "id": "test",
                            "normal_id": "normal",
                            "tumor_id": "tumour"
                        },
                        "test.vcf.gz.stats:md5,d41d8cd98f00b204e9800998ecf8427e"
                    ]
                ],
                "tbi": [
                    [
                        {
                            "id": "test",
                            "normal_id": "normal",
                            "tumor_id": "tumour"
                        },
                        "test.vcf.gz.tbi:md5,d41d8cd98f00b204e9800998ecf8427e"
                    ]
                ],
                "vcf": [
                    [
                        {
                            "id": "test",
                            "normal_id": "normal",
                            "tumor_id": "tumour"
                        },
                        "test.vcf.gz:md5,68b329da9893e34099c7d8ad5cb9c940"
                    ]
                ],
                "versions": [
                    "versions.yml:md5,bbf6869d6ef6dbd05a2a538d70e0fd3d"
                ]
            }
        ],
        "meta": {
            "nf-test": "0.9.2",
            "nextflow": "25.04.7"
        },
        "timestamp": "2025-09-15T16:11:32.010185364"
    },
    "human - bam - tumor_normal_pair_f1r2": {
        "content": [
            "7418ed45a029394253817a5eb7149334",
            [
                "test.vcf.gz.tbi"
            ],
            [
                [
                    {
                        "id": "test",
                        "normal_id": "normal",
                        "tumor_id": "tumour"
                    },
                    "test.vcf.gz.stats:md5,17d2091015d04cbd4a26b7a67dc659e6"
                ]
            ],
            [
                "test.f1r2.tar.gz"
            ],
            [
                "versions.yml:md5,bbf6869d6ef6dbd05a2a538d70e0fd3d"
            ]
        ],
        "meta": {
            "nf-test": "0.9.2",
            "nextflow": "25.04.7"
        },
        "timestamp": "2025-09-15T16:00:07.659293619"
    }
}